// Jest Snapshot v1, https://goo.gl/fbAQLP

exports[`Homepage rendering upon arrival 1`] = `
<div
  className="container-fluid"
>
  <div
    className="row"
  >
    <div
      className="col-12 col-lg-6"
    >
      <div
        className="room-container pb-4 m-3 shadow"
      >
        <div
          className="bg-head chat-container__box-title row align-items-center justify-content-center border-bottom p-3"
        >
          <h3>
            Rooms
          </h3>
        </div>
        <div
          className="p-3"
        >
          <form
            className="form-room"
            onSubmit={[Function]}
          >
            <div
              className="room-container__create"
            >
              <input
                className="form-control control-room"
                id="roomName"
                name="roomName"
                onChange={[Function]}
                placeholder="Enter room name..."
                type="text"
                value=""
              />
              <span
                aria-describedby={null}
                className="p-1"
                onBlur={[Function]}
                onFocus={[Function]}
                onMouseLeave={[Function]}
                onMouseOver={[Function]}
                onTouchEnd={[Function]}
                onTouchStart={[Function]}
                title="Room must contain between 1 and 10 alphanumeric characters."
              >
                <button
                  className="btn btn-img btn-outline-arrow"
                  disabled={true}
                >
                  <img
                    alt="Validation button"
                    src={Object {}}
                  />
                </button>
              </span>
            </div>
          </form>
        </div>
        <div
          className="container-fluid room-container__list"
        >
          <div
            className="row text-center room-item"
          >
            <div
              className="col-8"
            >
              <span>
                Salut
              </span>
            </div>
            <div
              className="room-join col-2"
            >
              <span>
                0
                /
                5
              </span>
            </div>
            <div
              className="room-button col-2"
            >
              <button
                className="btn btn-img btn-join-room"
                onClick={[Function]}
              >
                <img
                  alt="Validation button"
                  src={Object {}}
                />
              </button>
            </div>
          </div>
        </div>
      </div>
    </div>
    <div
      className="col-12 col-lg-6 chat-container"
    >
      <div
        className="container-fluid row mx-auto d-flex justify-content-center m-3"
      >
        <div
          className="col-12 border-dark rounded chat-container__box shadow"
        >
          <div
            className="bg-head chat-container__box-title row align-items-center justify-content-center border-bottom p-3"
          >
            <h3>
              Messagerie
            </h3>
          </div>
          <div
            className="row"
          >
            <div
              className="col-9 pt-2 chat-messages"
              id="zone_chat"
            >
              <div
                className="row"
              />
            </div>
            <div
              className="col-3 chat-users shadow__light"
            >
              <ul>
                <li>
                  ZIPHLOT
                </li>
              </ul>
            </div>
          </div>
          <form
            action=""
            id="formulaire_chat"
            onSubmit={[Function]}
          >
            <div
              className="row msg-foot border-top"
            >
              <div
                className="col-md-9 col-lg-10 msg-new secondary-font"
              >
                <input
                  autoFocus={true}
                  className="msg-new-input"
                  id="message"
                  name="message"
                  onChange={[Function]}
                  placeholder="Message..."
                  size="50"
                  spellCheck="false"
                  type="text"
                  value=""
                />
                <input
                  name="roomie"
                  type="hidden"
                />
              </div>
              <div
                className="col-md-3 col-lg-2 text-right"
              >
                <input
                  name="profile_id"
                  type="hidden"
                  value=""
                />
                <button
                  className="btn btn-white msg-button"
                  disabled={true}
                  id="envoi_message"
                  type="submit"
                >
                  Send â‡§
                </button>
              </div>
            </div>
          </form>
        </div>
      </div>
    </div>
  </div>
</div>
`;
